[0m10:11:26.420262 [debug] [MainThread]: Sending event: {'category': 'dbt', 'action': 'invocation', 'label': 'start', 'context': [<snowplow_tracker.self_describing_json.SelfDescribingJson object at 0x00000205E71FA270>, <snowplow_tracker.self_describing_json.SelfDescribingJson object at 0x00000205E97AFD90>, <snowplow_tracker.self_describing_json.SelfDescribingJson object at 0x00000205E97AF890>]}


============================== 10:11:26.426389 | a98083f6-f1ea-4c35-bc3f-22562feabfed ==============================
[0m10:11:26.426389 [info ] [MainThread]: Running with dbt=1.12.5
[0m10:11:26.427200 [debug] [MainThread]: running dbt with arguments {'maximum_seed_size_mib': '1', 'no_print': 'None', 'static_parser': 'True', 'target_path': 'None', 'version_check': 'True', 'warn_error_options': 'WarnErrorOptionsV2(error=[], warn=[], silence=[])', 'printer_width': '80', 'write_json': 'True', 'empty': 'None', 'log_cache_events': 'False', 'introspect': 'True', 'cache_selected_only': 'False', 'log_format': 'default', 'debug': 'False', 'fail_fast': 'False', 'profiles_dir': 'C:\\Users\\rash3002\\.dbt', 'send_anonymous_usage_stats': 'True', 'quiet': 'False', 'warn_error': 'None', 'partial_parse': 'True', 'invocation_command': 'dbt init zomato_pipe', 'hints_enabled': 'True', 'use_colors': 'True', 'use_experimental_parser': 'False', 'indirect_selection': 'eager', 'log_path': 'logs'}
[0m10:11:26.459503 [info ] [MainThread]: Creating dbt configuration folder at C:\Users\rash3002\.dbt
[0m10:11:26.461826 [debug] [MainThread]: Starter project path: C:\Users\rash3002\AppData\Roaming\Python\Python313\site-packages\dbt\include\starter_project
[0m10:11:26.507563 [info ] [MainThread]: Setting up your profile.
[0m10:11:35.893046 [debug] [MainThread]: Snowflake adapter: Setting snowflake.connector to ERROR (file logging only)
[0m10:11:35.893424 [debug] [MainThread]: Snowflake adapter: Setting botocore to ERROR (file logging only)
[0m10:11:35.893616 [debug] [MainThread]: Snowflake adapter: Setting boto3 to ERROR (file logging only)
[0m10:13:57.654105 [info ] [MainThread]: Profile zomato_pipe written to C:\Users\rash3002\.dbt\profiles.yml using target's profile_template.yml and your supplied values.
[0m10:13:57.659902 [info ] [MainThread]: Running dbt debug to validate the project...
[0m10:13:57.661373 [info ] [MainThread]: dbt version: 1.12.5
[0m10:13:57.662043 [info ] [MainThread]: python version: 3.13.15
[0m10:13:57.662473 [info ] [MainThread]: python path: C:\Program Files\Python313\python.exe
[0m10:13:57.662693 [info ] [MainThread]: os info: Windows-11-10.0.26200-SP0
[0m10:13:57.745267 [info ] [MainThread]: Using profiles dir at C:\Users\rash3002\.dbt
[0m10:13:57.745851 [info ] [MainThread]: Using profiles.yml file at C:\Users\rash3002\.dbt\profiles.yml
[0m10:13:57.746113 [info ] [MainThread]: Using dbt_project.yml file at C:\Users\rash3002\Documents\Personal\Projects\food-delivery-aws-snowflake-dbt-rag\zomato_pipe\dbt_project.yml
[0m10:13:57.748767 [info ] [MainThread]: adapter type: snowflake
[0m10:13:57.749251 [info ] [MainThread]: adapter version: 1.12.0
[0m10:13:57.815376 [info ] [MainThread]: Configuration:
[0m10:13:57.815880 [info ] [MainThread]:   profiles.yml file [[32mOK found and valid[0m]
[0m10:13:57.816382 [info ] [MainThread]:   dbt_project.yml file [[32mOK found and valid[0m]
[0m10:13:57.816684 [info ] [MainThread]: Required dependencies:
[0m10:13:57.816941 [debug] [MainThread]: Executing "git --help"
[0m10:13:57.884053 [debug] [MainThread]: STDOUT: "b"usage: git [-v | --version] [-h | --help] [-C <path>] [-c <name>=<value>]\n           [--exec-path[=<path>]] [--html-path] [--man-path] [--info-path]\n           [-p | --paginate | -P | --no-pager] [--no-replace-objects] [--no-lazy-fetch]\n           [--no-optional-locks] [--no-advice] [--bare] [--git-dir=<path>]\n           [--work-tree=<path>] [--namespace=<name>] [--config-env=<name>=<envvar>]\n           <command> [<args>]\n\nThese are common Git commands used in various situations:\n\nstart a working area (see also: git help tutorial)\n   clone      Clone a repository into a new directory\n   init       Create an empty Git repository or reinitialize an existing one\n\nwork on the current change (see also: git help everyday)\n   add        Add file contents to the index\n   mv         Move or rename a file, a directory, or a symlink\n   restore    Restore working tree files\n   rm         Remove files from the working tree and from the index\n\nexamine the history and state (see also: git help revisions)\n   bisect     Use binary search to find the commit that introduced a bug\n   diff       Show changes between commits, commit and working tree, etc\n   grep       Print lines matching a pattern\n   log        Show commit logs\n   show       Show various types of objects\n   status     Show the working tree status\n\ngrow, mark and tweak your common history\n   backfill   Download missing objects in a partial clone\n   branch     List, create, or delete branches\n   commit     Record changes to the repository\n   history    EXPERIMENTAL: Rewrite history\n   merge      Join two or more development histories together\n   rebase     Reapply commits on top of another base tip\n   reset      Set `HEAD` or the index to a known state\n   switch     Switch branches\n   tag        Create, list, delete or verify tags\n\ncollaborate (see also: git help workflows)\n   fetch      Download objects and refs from another repository\n   pull       Fetch from and integrate with another repository or a local branch\n   push       Update remote refs along with associated objects\n\n'git help -a' and 'git help -g' list available subcommands and some\nconcept guides. See 'git help <command>' or 'git help <concept>'\nto read about a specific subcommand or concept.\nSee 'git help git' for an overview of the system.\n""
[0m10:13:57.884463 [debug] [MainThread]: STDERR: "b''"
[0m10:13:57.884740 [info ] [MainThread]:  - git [[32mOK found[0m]

[0m10:13:57.884991 [info ] [MainThread]: Connection:
[0m10:13:57.885211 [info ] [MainThread]:   account: DKPAFWH-FYC11667
[0m10:13:57.885394 [info ] [MainThread]:   user: SHRUTHI2026
[0m10:13:57.885569 [info ] [MainThread]:   database: ZOMATO
[0m10:13:57.885889 [info ] [MainThread]:   warehouse: ZOMATO_WH
[0m10:13:57.886196 [info ] [MainThread]:   role: DBT_ROLE
[0m10:13:57.886480 [info ] [MainThread]:   schema: STAGING
[0m10:13:57.886866 [info ] [MainThread]:   authenticator: None
[0m10:13:57.887419 [info ] [MainThread]:   oauth_client_id: None
[0m10:13:57.887869 [info ] [MainThread]:   query_tag: None
[0m10:13:57.888385 [info ] [MainThread]:   client_session_keep_alive: False
[0m10:13:57.888852 [info ] [MainThread]:   host: None
[0m10:13:57.889117 [info ] [MainThread]:   port: None
[0m10:13:57.889476 [info ] [MainThread]:   proxy_host: None
[0m10:13:57.889831 [info ] [MainThread]:   proxy_port: None
[0m10:13:57.890033 [info ] [MainThread]:   protocol: None
[0m10:13:57.890219 [info ] [MainThread]:   connect_retries: 1
[0m10:13:57.890455 [info ] [MainThread]:   connect_timeout: None
[0m10:13:57.890688 [info ] [MainThread]:   retry_on_database_errors: False
[0m10:13:57.890876 [info ] [MainThread]:   retry_all: False
[0m10:13:57.891137 [info ] [MainThread]:   insecure_mode: False
[0m10:13:57.891363 [info ] [MainThread]:   reuse_connections: True
[0m10:13:57.891679 [info ] [MainThread]:   s3_stage_vpce_dns_name: None
[0m10:13:57.891912 [info ] [MainThread]:   workload_identity_provider: None
[0m10:13:57.892182 [info ] [MainThread]:   workload_identity_entra_resource: None
[0m10:13:57.892439 [info ] [MainThread]:   platform_detection_timeout_seconds: 0.0
[0m10:13:57.892865 [info ] [MainThread]: Registered adapter: snowflake=1.12.0
[0m10:13:58.371033 [debug] [MainThread]: Acquiring new snowflake connection 'debug'
[0m10:13:58.373348 [debug] [MainThread]: Using snowflake connection "debug"
[0m10:13:58.373564 [debug] [MainThread]: On debug: select 1 as id
[0m10:13:58.373726 [debug] [MainThread]: Opening a new connection, currently in state init
[0m10:14:01.426891 [debug] [MainThread]: SQL status: SUCCESS 1 in 3.053 seconds
[0m10:14:01.431783 [info ] [MainThread]:   Connection test: [[32mOK connection ok[0m]

[0m10:14:01.434442 [info ] [MainThread]: [32mAll checks passed![0m
[0m10:14:01.436801 [info ] [MainThread]: Your new dbt project "zomato_pipe" was created!
Initialized new project in C:\Users\rash3002\Documents\Personal\Projects\food-delivery-aws-snowflake-dbt-rag\zomato_pipe\zomato_pipe

For more information on how to configure the profiles.yml file,
please consult the dbt documentation here:

  https://docs.getdbt.com/docs/configure-your-profile

One more thing:

Need help? Don't hesitate to reach out to us via GitHub issues or on Slack:

  https://community.getdbt.com/

Happy modeling!

[0m10:14:01.441262 [debug] [MainThread]: Command `dbt init` succeeded at 10:14:01.440860 after 155.18 seconds
[0m10:14:01.442048 [debug] [MainThread]: Connection 'debug' was left open.
[0m10:14:01.442782 [debug] [MainThread]: On debug: Close
[0m10:14:02.099786 [debug] [MainThread]: Sending event: {'category': 'dbt', 'action': 'invocation', 'label': 'end', 'context': [<snowplow_tracker.self_describing_json.SelfDescribingJson object at 0x00000205EABA9E00>, <snowplow_tracker.self_describing_json.SelfDescribingJson object at 0x00000205E98444D0>, <snowplow_tracker.self_describing_json.SelfDescribingJson object at 0x00000205EAF8A7A0>]}
[0m10:14:02.101166 [debug] [MainThread]: Flushing usage events
[0m10:14:03.848008 [debug] [MainThread]: An error was encountered while trying to flush usage events
[0m08:24:51.562334 [debug] [MainThread]: Sending event: {'category': 'dbt', 'action': 'invocation', 'label': 'start', 'context': [<snowplow_tracker.self_describing_json.SelfDescribingJson object at 0x0000022AB528A270>, <snowplow_tracker.self_describing_json.SelfDescribingJson object at 0x0000022AB2151450>, <snowplow_tracker.self_describing_json.SelfDescribingJson object at 0x0000022AB788FD90>]}


============================== 08:24:51.572550 | 498c59ad-d363-4950-b0b3-e50848ebc9eb ==============================
[0m08:24:51.572550 [info ] [MainThread]: Running with dbt=1.12.5
[0m08:24:51.573342 [debug] [MainThread]: running dbt with arguments {'version_check': 'True', 'no_print': 'None', 'maximum_seed_size_mib': '1', 'warn_error_options': 'WarnErrorOptionsV2(error=[], warn=[], silence=[])', 'static_parser': 'True', 'target_path': 'None', 'printer_width': '80', 'write_json': 'True', 'empty': 'False', 'log_cache_events': 'False', 'introspect': 'True', 'cache_selected_only': 'False', 'fail_fast': 'False', 'debug': 'False', 'log_format': 'default', 'profiles_dir': 'C:\\Users\\rash3002\\.dbt', 'send_anonymous_usage_stats': 'True', 'quiet': 'False', 'warn_error': 'None', 'partial_parse': 'True', 'use_colors': 'True', 'hints_enabled': 'True', 'invocation_command': 'dbt run --select marts', 'use_experimental_parser': 'False', 'indirect_selection': 'eager', 'log_path': 'logs'}
[0m08:24:51.573799 [error] [MainThread]: [[31mERROR[0m]: Encountered an error:
Runtime Error
  No dbt_project.yml found at expected path C:\Users\rash3002\Documents\Personal\Projects\food-delivery-pipeline-aws-snowflake-dbt-rag\dbt_project.yml
  Verify that each entry within packages.yml (and their transitive dependencies) contains a file named dbt_project.yml
  
[0m08:24:51.574800 [debug] [MainThread]: Command `dbt run` failed at 08:24:51.574685 after 0.19 seconds
[0m08:24:51.575077 [debug] [MainThread]: Sending event: {'category': 'dbt', 'action': 'invocation', 'label': 'end', 'context': [<snowplow_tracker.self_describing_json.SelfDescribingJson object at 0x0000022AB78D5810>, <snowplow_tracker.self_describing_json.SelfDescribingJson object at 0x0000022AB79285F0>, <snowplow_tracker.self_describing_json.SelfDescribingJson object at 0x0000022AB78C3680>]}
[0m08:24:51.575313 [debug] [MainThread]: Flushing usage events
[0m08:24:53.120574 [debug] [MainThread]: An error was encountered while trying to flush usage events
[0m08:44:04.882253 [debug] [MainThread]: Sending event: {'category': 'dbt', 'action': 'invocation', 'label': 'start', 'context': [<snowplow_tracker.self_describing_json.SelfDescribingJson object at 0x0000028247B9E270>, <snowplow_tracker.self_describing_json.SelfDescribingJson object at 0x0000028244A51450>, <snowplow_tracker.self_describing_json.SelfDescribingJson object at 0x000002824A19FD90>]}


============================== 08:44:04.891854 | 123d37ab-5189-44de-8992-7ca942d90482 ==============================
[0m08:44:04.891854 [info ] [MainThread]: Running with dbt=1.12.5
[0m08:44:04.892790 [debug] [MainThread]: running dbt with arguments {'maximum_seed_size_mib': '1', 'no_print': 'None', 'version_check': 'True', 'target_path': 'None', 'warn_error_options': 'WarnErrorOptionsV2(error=[], warn=[], silence=[])', 'static_parser': 'True', 'printer_width': '80', 'write_json': 'True', 'empty': 'False', 'log_cache_events': 'False', 'introspect': 'True', 'cache_selected_only': 'False', 'log_format': 'default', 'debug': 'False', 'fail_fast': 'False', 'profiles_dir': 'C:\\Users\\rash3002\\.dbt', 'send_anonymous_usage_stats': 'True', 'quiet': 'False', 'warn_error': 'None', 'partial_parse': 'True', 'indirect_selection': 'eager', 'hints_enabled': 'True', 'invocation_command': 'dbt run --select staging', 'use_experimental_parser': 'False', 'use_colors': 'True', 'log_path': 'logs'}
[0m08:44:04.893703 [error] [MainThread]: [[31mERROR[0m]: Encountered an error:
Runtime Error
  No dbt_project.yml found at expected path C:\Users\rash3002\Documents\Personal\Projects\food-delivery-pipeline-aws-snowflake-dbt-rag\dbt_project.yml
  Verify that each entry within packages.yml (and their transitive dependencies) contains a file named dbt_project.yml
  
[0m08:44:04.894833 [debug] [MainThread]: Command `dbt run` failed at 08:44:04.894687 after 0.18 seconds
[0m08:44:04.895337 [debug] [MainThread]: Sending event: {'category': 'dbt', 'action': 'invocation', 'label': 'end', 'context': [<snowplow_tracker.self_describing_json.SelfDescribingJson object at 0x000002824A1E5810>, <snowplow_tracker.self_describing_json.SelfDescribingJson object at 0x000002824A2385F0>, <snowplow_tracker.self_describing_json.SelfDescribingJson object at 0x000002824A1D3680>]}
[0m08:44:04.895999 [debug] [MainThread]: Flushing usage events
[0m08:44:06.406461 [debug] [MainThread]: An error was encountered while trying to flush usage events
[0m09:04:45.825096 [debug] [MainThread]: Sending event: {'category': 'dbt', 'action': 'invocation', 'label': 'start', 'context': [<snowplow_tracker.self_describing_json.SelfDescribingJson object at 0x000001D405E4A270>, <snowplow_tracker.self_describing_json.SelfDescribingJson object at 0x000001D402D61450>, <snowplow_tracker.self_describing_json.SelfDescribingJson object at 0x000001D40844FD90>]}


============================== 09:04:45.860202 | e0cdee69-09ff-4c00-a61a-2ce079135964 ==============================
[0m09:04:45.860202 [info ] [MainThread]: Running with dbt=1.12.5
[0m09:04:45.861709 [debug] [MainThread]: running dbt with arguments {'version_check': 'True', 'no_print': 'None', 'maximum_seed_size_mib': '1', 'target_path': 'None', 'static_parser': 'True', 'warn_error_options': 'WarnErrorOptionsV2(error=[], warn=[], silence=[])', 'printer_width': '80', 'write_json': 'True', 'introspect': 'True', 'log_cache_events': 'False', 'empty': 'False', 'cache_selected_only': 'False', 'fail_fast': 'False', 'debug': 'False', 'log_format': 'default', 'profiles_dir': 'C:\\Users\\rash3002\\.dbt', 'send_anonymous_usage_stats': 'True', 'quiet': 'False', 'warn_error': 'None', 'partial_parse': 'True', 'invocation_command': 'dbt build', 'hints_enabled': 'True', 'use_colors': 'True', 'use_experimental_parser': 'False', 'indirect_selection': 'eager', 'log_path': 'logs'}
[0m09:04:45.862822 [error] [MainThread]: [[31mERROR[0m]: Encountered an error:
Runtime Error
  No dbt_project.yml found at expected path C:\Users\rash3002\Documents\Personal\Projects\food-delivery-pipeline-aws-snowflake-dbt-rag\dbt_project.yml
  Verify that each entry within packages.yml (and their transitive dependencies) contains a file named dbt_project.yml
  
[0m09:04:45.864670 [debug] [MainThread]: Command `dbt build` failed at 09:04:45.864428 after 0.21 seconds
[0m09:04:45.865311 [debug] [MainThread]: Sending event: {'category': 'dbt', 'action': 'invocation', 'label': 'end', 'context': [<snowplow_tracker.self_describing_json.SelfDescribingJson object at 0x000001D408495810>, <snowplow_tracker.self_describing_json.SelfDescribingJson object at 0x000001D4084E85F0>, <snowplow_tracker.self_describing_json.SelfDescribingJson object at 0x000001D408483680>]}
[0m09:04:45.865873 [debug] [MainThread]: Flushing usage events
[0m09:04:47.353097 [debug] [MainThread]: An error was encountered while trying to flush usage events
